[tick_tock] tick

[when_tick] tick received

[tick_tock] tock

[tick_tock] tick

[when_tick] tick received

[tick_tock] tock

[tick_tock] tick

[when_tick] tick received

[tick_tock] tock

[tick_tock] tick

[when_tick] tick received

[tick_tock] tock

[tick_tock] tick

[when_tick] tick received

[tick_tock] tock

